Student #1's name is Alice (she's my favorite)
Student #2's name is Bob
Student #3's name is Charlie
